
> running-labs@0.1.0 test
> jest src/lib/ai/service.test.ts

node.exe : FAIL 
src/lib/ai/service.test.ts
At line:1 char:1
+ & "C:\Program Files\nodejs/node.exe" 
"C:\Program Files\nodejs/node_mo ...
+ ~~~~~~~~~~~~~~~~~~~~~~~~~~~~~~~~~~~~~
~~~~~~~~~~~~~~~~~~~~~~~~~~~~~~~~
    + CategoryInfo          : NotSpeci 
   fied: (FAIL src/lib/ai/service.tes  
  t.ts:String) [], RemoteException
    + FullyQualifiedErrorId : NativeCo 
   mmandError
 
  AI Coach Service
    ÔêÜ should recommend rest when TSB 
is very low (High Risk) (2 ms)
    ÔêÜ should recommend high 
intensity when TSB is high (Fresh) (1 
ms)
    ÔêÜ should give neutral advice 
when TSB is moderate (1 ms)
    ÔêÜ should report fitness metrics 
when asked about progress
    ├ù should provide default response 
for unknown queries (1 ms)

  ÔùÅ AI Coach Service ÔÇ║ should 
provide default response for unknown 
queries

    expect(received).toBeDefined()

    Received: undefined

    [0m [90m  99 |[39m
     [90m 100 |[39m         expect(re
sponse[33m.[39mmessage)[33m.[39mtoC
ontain([32m"Consistency is 
King"[39m)[33m;[39m
    [31m[1m>[22m[39m[90m 101 
|[39m         expect(response[33m.[3
9msources)[33m.[39mtoBeDefined()[33m
;[39m
     [90m     |[39m                  
                [31m[1m^[22m[39m
     [90m 102 |[39m     })[33m;[39m
     [90m 103 |[39m })[33m;[39m
     [90m 104 |[39m[0m

      at Object.toBeDefined 
(src/lib/ai/service.test.ts:101:34)

Test Suites: 1 failed, 1 total
Tests:       1 failed, 4 passed, 5 
total
Snapshots:   0 total
Time:        0.723 s, estimated 1 s
Ran all test suites matching 
src/lib/ai/service.test.ts.
